// Jest Snapshot v1, https://goo.gl/fbAQLP

exports[`Reset Password UI should render reset password form 1`] = `
<section
  className="d-flex flex-grow-1 flex-column align-items-center justify-content-center"
>
  <div
    className="container"
  >
    <Row
      noGutters={true}
      tag="div"
    >
      <Col
        lg={
          Object {
            "offset": 3,
            "size": 6,
          }
        }
        md={
          Object {
            "offset": 2,
            "size": 8,
          }
        }
        tag="div"
        widths={
          Array [
            "xs",
            "sm",
            "md",
            "lg",
            "xl",
          ]
        }
      >
        <h1
          className="text-center mb-3"
        >
          Loji
        </h1>
        <Card
          className="border-0 shadow-z4"
          tag="div"
        >
          <CardHeader
            className="bg-primary p-1"
            tag="div"
          />
          <CardBody
            tag="div"
          >
            <Form
              tag="form"
            >
              <FormGroup
                tag="div"
              >
                <Label
                  htmlFor="loginInput"
                  tag="label"
                  widths={
                    Array [
                      "xs",
                      "sm",
                      "md",
                      "lg",
                      "xl",
                    ]
                  }
                >
                  New password
                </Label>
                <Input
                  className="form-control"
                  id="loginInput"
                  placeholder="enter your email address"
                  type="email"
                />
                <FormFeedback
                  tag="div"
                >
                  Field is required
                </FormFeedback>
              </FormGroup>
              <FormGroup
                tag="div"
              >
                <Label
                  htmlFor="loginInput"
                  tag="label"
                  widths={
                    Array [
                      "xs",
                      "sm",
                      "md",
                      "lg",
                      "xl",
                    ]
                  }
                >
                  Confirm new password
                </Label>
                <Input
                  className="form-control"
                  id="loginInput"
                  placeholder="enter your email address"
                  type="email"
                />
                <FormFeedback
                  tag="div"
                >
                  Field is required
                </FormFeedback>
              </FormGroup>
              <div
                className="d-flex justify-content-center"
              >
                <Button
                  color="primary"
                  tag="button"
                  type="submit"
                >
                  Change Password
                </Button>
              </div>
            </Form>
          </CardBody>
        </Card>
      </Col>
    </Row>
  </div>
</section>
`;
